// Jest Snapshot v1, https://goo.gl/fbAQLP

exports[`Footer should match snapshot 1`] = `
<DocumentFragment>
  <section
    class="sc-dkPtyc bvtLDc"
  />
  <section
    class="sc-hKwCoD WTCBi"
  >
    <div
      class="sc-eCImvq iemJsb"
    >
      <button
        class="sc-gsDJrp sc-jRQAMF iyweFA jOxoGN"
      >
        <svg
          fill="currentColor"
          height="24px"
          stroke="currentColor"
          stroke-width="0"
          style="transform: translateY(2px);"
          viewBox="0 0 320 512"
          width="24px"
          xmlns="http://www.w3.org/2000/svg"
        >
          <path
            d="M279.14 288l14.22-92.66h-88.91v-60.13c0-25.35 12.42-50.06 52.24-50.06h40.42V6.26S260.43 0 225.36 0c-73.22 0-121.08 44.38-121.08 124.72v70.62H22.89V288h81.39v224h100.17V288z"
          />
        </svg>
      </button>
      <button
        class="sc-gsDJrp sc-jRQAMF iyweFA jOxoGN"
      >
        <svg
          fill="currentColor"
          height="24px"
          stroke="currentColor"
          stroke-width="0"
          style="transform: translateY(2px);"
          viewBox="0 0 24 24"
          width="24px"
          xmlns="http://www.w3.org/2000/svg"
        >
          <path
            d="M17.3183118,0.0772036939 C18.5358869,0.132773211 19.3775594,0.311686093 20.156489,0.614412318 C20.9357539,0.917263935 21.5259307,1.30117806 22.1124276,1.88767349 C22.6988355,2.47414659 23.0827129,3.06422396 23.3856819,3.84361655 C23.688357,4.62263666 23.8672302,5.46418415 23.9227984,6.68172489 C23.9916356,8.19170553 24,8.72394829 24,11.9999742 C24,15.2760524 23.9916355,15.808302 23.9227954,17.3182896 C23.8672306,18.5358038 23.6883589,19.3773584 23.3855877,20.1566258 C23.0826716,20.9358162 22.6987642,21.5259396 22.1124276,22.1122749 C21.5259871,22.6987804 20.9357958,23.0827198 20.1563742,23.3856323 C19.3772192,23.6883583 18.5357324,23.8672318 17.3183209,23.9227442 C15.8086874,23.9916325 15.2765626,24 12,24 C8.72343739,24 8.19131258,23.9916325 6.68172382,23.9227463 C5.46426077,23.8672314 4.62270711,23.6883498 3.84342369,23.3855738 C3.0641689,23.0827004 2.47399369,22.6987612 1.88762592,22.1123283 C1.30117312,21.525877 0.91721975,20.9357071 0.614318116,20.1563835 C0.311643016,19.3773633 0.132769821,18.5358159 0.0772038909,17.3183251 C0.0083529426,15.8092887 0,15.2774634 0,11.9999742 C0,8.7225328 0.00835296697,8.19071076 0.0772047368,6.68165632 C0.132769821,5.46418415 0.311643016,4.62263666 0.614362729,3.84350174 C0.91719061,3.06430165 1.30113536,2.4741608 1.88757245,1.88772514 C2.47399369,1.30123879 3.0641689,0.917299613 3.84345255,0.614414972 C4.62236201,0.311696581 5.46409415,0.132773979 6.68163888,0.0772035898 C8.19074867,0.00835221992 8.72252573,0 12,0 C15.2774788,0 15.8092594,0.00835235053 17.3183118,0.0772036939 Z M12,2.66666667 C8.75959504,2.66666667 8.26400713,2.67445049 6.80319929,2.74109814 C5.87614637,2.78341009 5.31952221,2.90172878 4.80947575,3.09995521 C4.37397765,3.26922052 4.09725505,3.44924273 3.77324172,3.77329203 C3.44916209,4.09737087 3.26913181,4.37408574 3.09996253,4.80937168 C2.90169965,5.31965737 2.78340891,5.87618164 2.74109927,6.80321713 C2.67445122,8.26397158 2.66666667,8.75960374 2.66666667,11.9999742 C2.66666667,15.2403924 2.67445121,15.7360281 2.74109842,17.1967643 C2.78340891,18.1238184 2.90169965,18.6803426 3.09990404,19.1904778 C3.26914133,19.6259017 3.44919889,19.9026659 3.77329519,20.2267614 C4.09725505,20.5507573 4.37397765,20.7307795 4.80932525,20.8999863 C5.31971515,21.0982887 5.87621193,21.2165784 6.80323907,21.2588497 C8.26460439,21.3255353 8.76051223,21.3333333 12,21.3333333 C15.2394878,21.3333333 15.7353956,21.3255353 17.1968056,21.2588476 C18.123775,21.216579 18.6802056,21.0982995 19.1905083,20.9000309 C19.6260288,20.7307713 19.9027426,20.5507596 20.2267583,20.226708 C20.5507492,19.9027179 20.7308046,19.6259456 20.9000375,19.1906283 C21.0983009,18.6803412 21.2165908,18.1238118 21.2588986,17.196779 C21.3255376,15.7350718 21.3333333,15.2390126 21.3333333,11.9999742 C21.3333333,8.76098665 21.3255376,8.26493375 21.2589016,6.80323567 C21.2165911,5.87618164 21.0983004,5.31965737 20.9001178,4.80957831 C20.7308131,4.37403932 20.550774,4.09729207 20.2267583,3.77324038 C19.9027658,3.44924868 19.6260264,3.26922777 19.1905015,3.09996643 C18.6803988,2.90171817 18.1238378,2.78341062 17.1967608,2.74109868 C15.7359966,2.67445057 15.2404012,2.66666667 12,2.66666667 Z M12,18.2222222 C8.56356156,18.2222222 5.77777778,15.4364384 5.77777778,12 C5.77777778,8.56356156 8.56356156,5.77777778 12,5.77777778 C15.4364384,5.77777778 18.2222222,8.56356156 18.2222222,12 C18.2222222,15.4364384 15.4364384,18.2222222 12,18.2222222 Z M12,15.5555556 C13.9636791,15.5555556 15.5555556,13.9636791 15.5555556,12 C15.5555556,10.0363209 13.9636791,8.44444444 12,8.44444444 C10.0363209,8.44444444 8.44444444,10.0363209 8.44444444,12 C8.44444444,13.9636791 10.0363209,15.5555556 12,15.5555556 Z M18.2222222,7.11111111 C17.4858426,7.11111111 16.8888889,6.51415744 16.8888889,5.77777778 C16.8888889,5.04139811 17.4858426,4.44444444 18.2222222,4.44444444 C18.9586019,4.44444444 19.5555556,5.04139811 19.5555556,5.77777778 C19.5555556,6.51415744 18.9586019,7.11111111 18.2222222,7.11111111 Z"
          />
        </svg>
      </button>
      <button
        class="sc-gsDJrp sc-jRQAMF iyweFA jOxoGN"
      >
        <svg
          fill="currentColor"
          height="24px"
          stroke="currentColor"
          stroke-width="0"
          style="transform: translateY(2px);"
          viewBox="0 0 512 512"
          width="24px"
          xmlns="http://www.w3.org/2000/svg"
        >
          <path
            d="M459.37 151.716c.325 4.548.325 9.097.325 13.645 0 138.72-105.583 298.558-298.558 298.558-59.452 0-114.68-17.219-161.137-47.106 8.447.974 16.568 1.299 25.34 1.299 49.055 0 94.213-16.568 130.274-44.832-46.132-.975-84.792-31.188-98.112-72.772 6.498.974 12.995 1.624 19.818 1.624 9.421 0 18.843-1.3 27.614-3.573-48.081-9.747-84.143-51.98-84.143-102.985v-1.299c13.969 7.797 30.214 12.67 47.431 13.319-28.264-18.843-46.781-51.005-46.781-87.391 0-19.492 5.197-37.36 14.294-52.954 51.655 63.675 129.3 105.258 216.365 109.807-1.624-7.797-2.599-15.918-2.599-24.04 0-57.828 46.782-104.934 104.934-104.934 30.213 0 57.502 12.67 76.67 33.137 23.715-4.548 46.456-13.32 66.599-25.34-7.798 24.366-24.366 44.833-46.132 57.827 21.117-2.273 41.584-8.122 60.426-16.243-14.292 20.791-32.161 39.308-52.628 54.253z"
          />
        </svg>
      </button>
      <button
        class="sc-gsDJrp sc-jRQAMF iyweFA jOxoGN"
      >
        <svg
          fill="currentColor"
          height="24px"
          stroke="currentColor"
          stroke-width="0"
          style="transform: translateY(2px);"
          viewBox="0 0 24 24"
          width="24px"
          xmlns="http://www.w3.org/2000/svg"
        >
          <path
            d="M12.1511006,22.5316101 C12.0830801,22.5316101 12.0181804,22.5291262 11.9688209,22.5267697 C11.9296518,22.5301452 11.8892088,22.5316101 11.8487022,22.5316101 C10.4196979,22.5316101 9.46422593,21.8560541 8.62103883,21.259537 C8.01668787,20.8326253 7.44672931,20.4295973 6.77900716,20.3185226 C6.45106922,20.2641317 6.12485091,20.236554 5.8096509,20.236554 C5.24173041,20.236554 4.79290954,20.3246368 4.46522636,20.3887086 C4.26358497,20.4280051 4.08971226,20.4618243 3.95532713,20.4618243 C3.81457303,20.4618243 3.64356636,20.4306164 3.57229765,20.1872583 C3.51580495,19.9952977 3.47529834,19.809324 3.4361929,19.6302287 C3.33836562,19.1826816 3.26741536,18.9095168 3.09984793,18.8835951 C1.30755787,18.6070547 0.248590282,18.1996958 0.0376502063,17.7063558 C0.0155499024,17.6545125 0.00319411295,17.6023507 0.00045545858,17.5507621 C-0.00776050453,17.4037027 0.096053603,17.2747312 0.241011216,17.2507202 C1.66434721,17.0163423 2.92992398,16.2640403 4.00277591,15.0140038 C4.83386197,14.0462398 5.24198516,13.1215937 5.28580363,13.0194992 C5.28771432,13.0149135 5.28994346,13.0100731 5.29223629,13.0056785 C5.49903654,12.5860912 5.54018004,12.2235061 5.41490253,11.9283046 C5.18396391,11.3836946 4.41911506,11.141037 3.9131009,10.9804755 C3.78725018,10.9406695 3.66821425,10.9029652 3.57338038,10.8653246 C3.12481427,10.68814 2.38709721,10.3137724 2.48537032,9.79705834 C2.55695747,9.42027045 3.05532887,9.15786915 3.45810214,9.15786915 C3.56994114,9.15786915 3.66904221,9.17748555 3.75247564,9.21665468 C4.20760178,9.42988758 4.61706245,9.5379689 4.96920245,9.5379689 C5.40713239,9.5379689 5.61864568,9.37122943 5.66978845,9.32384434 C5.65717791,9.09023075 5.64176501,8.84324234 5.62686164,8.60962875 C5.62686164,8.609374 5.62654319,8.60657165 5.62654319,8.60657165 C5.52374812,6.97134023 5.39554088,4.93632897 5.91607628,3.76934376 C7.47405217,0.276158264 10.7780794,0.00452196419 11.7532952,0.00452196419 C11.7792805,0.00452196419 12.1783598,0.000573206729 12.1783598,0.000573206729 C12.196384,0.000254758546 12.2159367,0 12.23619,0 C13.2140807,0 16.5249864,0.271954748 18.0839176,3.767242 C18.604453,4.93499149 18.4761184,6.97172237 18.3730049,8.60867341 L18.3681645,8.68701166 C18.3540254,8.90928849 18.340969,9.11965536 18.3299507,9.32358958 C18.3781001,9.36791757 18.5716529,9.52077269 18.9654459,9.53624928 C19.301154,9.52338397 19.6869221,9.41581217 20.111732,9.21690944 C20.24306,9.15525787 20.3884635,9.14245625 20.4871824,9.14245625 C20.6364072,9.14245625 20.7882433,9.17149873 20.9147946,9.22429744 L20.9215457,9.22690871 C21.2820291,9.35486119 21.5181265,9.61057508 21.5232217,9.87921797 C21.5277437,10.1296456 21.3416426,10.5039496 20.4262951,10.865452 C20.332544,10.902583 20.2129348,10.9405421 20.0865746,10.9806029 C19.5801146,11.1413555 18.8159026,11.3838856 18.584964,11.9281773 C18.4594954,12.2233787 18.5007663,12.5858365 18.7076303,13.0052964 C18.7099231,13.0098821 18.7118975,13.0145314 18.7141266,13.0193718 C18.7778162,13.1686603 20.3194239,16.683755 23.758919,17.2504017 C23.9038129,17.2745401 24.0078181,17.403639 23.9995385,17.5504436 C23.9964814,17.6031786 23.9837434,17.6559137 23.9614521,17.7074386 C23.7519768,18.1980398 22.693073,18.6048256 20.9002734,18.8817481 C20.7320054,18.9077335 20.6611188,19.1796882 20.5641832,19.6248788 C20.5240587,19.8087507 20.4832336,19.9889924 20.4275052,20.1784054 C20.3753434,20.3565453 20.2593009,20.443609 20.072945,20.443609 L20.0448579,20.443609 C19.9235291,20.443609 19.7516308,20.4215724 19.5348313,20.3791551 C19.1558779,20.3054025 18.730877,20.2367451 18.1904067,20.2367451 C17.8752704,20.2367451 17.5491158,20.2643864 17.2207957,20.3187137 C16.5537741,20.4297884 15.9838793,20.8321795 15.380611,21.2586453 C14.535768,21.8559904 13.5799776,22.5316101 12.1511006,22.5316101"
            fill-rule="evenodd"
          />
        </svg>
      </button>
      <button
        class="sc-gsDJrp sc-jRQAMF iyweFA jOxoGN"
      >
        <svg
          fill="currentColor"
          height="24px"
          stroke="currentColor"
          stroke-width="0"
          style="transform: translateY(2px);"
          version="1.1"
          viewBox="0 0 16 16"
          width="24px"
          xmlns="http://www.w3.org/2000/svg"
        >
          <path
            d="M15.841 4.8c0 0-0.156-1.103-0.637-1.587-0.609-0.637-1.291-0.641-1.603-0.678-2.237-0.163-5.597-0.163-5.597-0.163h-0.006c0 0-3.359 0-5.597 0.163-0.313 0.038-0.994 0.041-1.603 0.678-0.481 0.484-0.634 1.587-0.634 1.587s-0.159 1.294-0.159 2.591v1.213c0 1.294 0.159 2.591 0.159 2.591s0.156 1.103 0.634 1.588c0.609 0.637 1.409 0.616 1.766 0.684 1.281 0.122 5.441 0.159 5.441 0.159s3.363-0.006 5.6-0.166c0.313-0.037 0.994-0.041 1.603-0.678 0.481-0.484 0.637-1.588 0.637-1.588s0.159-1.294 0.159-2.591v-1.213c-0.003-1.294-0.162-2.591-0.162-2.591zM6.347 10.075v-4.497l4.322 2.256-4.322 2.241z"
          />
        </svg>
      </button>
    </div>
    <section
      class="sc-gKckTs jrTchN"
    >
      <button
        class="sc-gsDJrp sc-iCfLBT iyweFA jlnUwT"
      >
        Contact Support
      </button>
      <button
        class="sc-gsDJrp sc-iCfLBT iyweFA jlnUwT"
      >
        FAQ
      </button>
      <button
        class="sc-gsDJrp sc-iCfLBT iyweFA jlnUwT"
      >
        Privacy Policy
      </button>
      <button
        class="sc-gsDJrp sc-iCfLBT iyweFA jlnUwT"
      >
        Shipping & Returns
      </button>
      <button
        class="sc-gsDJrp sc-iCfLBT iyweFA jlnUwT"
      >
        Terms & Conditions
      </button>
    </section>
    <p
      class="sc-furvIG bZqULp"
    >
      © 2021 Sdw
    </p>
  </section>
</DocumentFragment>
`;
