// Jest Snapshot v1, https://goo.gl/fbAQLP

exports[`ProductsListFilter should render  1`] = `[Function]`;
