// Jest Snapshot v1, https://goo.gl/fbAQLP

exports[`TotalPriceCalculator should match snapshot 1`] = `[Function]`;
