// Jest Snapshot v1, https://goo.gl/fbAQLP

exports[`ZoomableImg should render match Snapshot 1`] = `[Function]`;
