// Jest Snapshot v1, https://goo.gl/fbAQLP

exports[`ProductView should match snapshot 1`] = `[Function]`;
