// Jest Snapshot v1, https://goo.gl/fbAQLP

exports[`ProductsList should render  1`] = `[Function]`;
